# This file is part of the openHiTLS project.
#
# openHiTLS is licensed under the Mulan PSL v2.
# You can use this software according to the terms and conditions of the Mulan PSL v2.
# You may obtain a copy of Mulan PSL v2 at:
#
#     http://license.coscl.org.cn/MulanPSL2
#
# THIS SOFTWARE IS PROVIDED ON AN "AS IS" BASIS, WITHOUT WARRANTIES OF ANY KIND,
# EITHER EXPRESS OR IMPLIED, INCLUDING BUT NOT LIMITED TO NON-INFRINGEMENT,
# MERCHANTABILITY OR FIT FOR A PARTICULAR PURPOSE.
# See the Mulan PSL v2 for more details.

# Version script (equivalent to gcc's -Wl,--version-script) in whitelist mode.
# Exported symbols mirror the full export surface of the built shared library
# (all symbols reported by nm -D) plus header-declared interfaces, so the
# export set stays identical to before version_script was introduced.
{
    global:
        BSL_ASN1_DecodeItem;
        BSL_ASN1_DecodeLen;
        BSL_ASN1_DecodeListItem;
        BSL_ASN1_DecodePrimitiveItem;
        BSL_ASN1_DecodeTagLen;
        BSL_ASN1_DecodeTemplate;
        BSL_ASN1_EncodeLimb;
        BSL_ASN1_EncodeListItem;
        BSL_ASN1_EncodeTemplate;
        BSL_ASN1_GetCompleteLen;
        BSL_ASN1_GetEncodeLen;
        BSL_ASN1_ProcessConstructResult;
        BSL_ASN1_SkipChildNode;
        BSL_ASN1_SkipChildNodeAndFill;
        BSL_ASN1_ToUtf8String;
        BSL_AVL_DeleteNode;
        BSL_AVL_DeleteTree;
        BSL_AVL_InsertNode;
        BSL_AVL_MakeLeafNode;
        BSL_AVL_SearchNode;
        BSL_BASE64_CtxClear;
        BSL_BASE64_CtxFree;
        BSL_BASE64_CtxNew;
        BSL_BASE64_Decode;
        BSL_BASE64_DecodeFinal;
        BSL_BASE64_DecodeInit;
        BSL_BASE64_DecodeUpdate;
        BSL_BASE64_Encode;
        BSL_BASE64_EncodeFinal;
        BSL_BASE64_EncodeInit;
        BSL_BASE64_EncodeUpdate;
        BSL_BASE64_SetFlags;
        BSL_Base64GetNum;
        BSL_BufMemFree;
        BSL_BufMemGrowClean;
        BSL_BufMemNew;
        BSL_DateTimeAddDaySecond;
        BSL_DateTimeAddUs;
        BSL_DateTimeCheck;
        BSL_ERR_AddErrStringBatch;
        BSL_ERR_ClearError;
        BSL_ERR_ClearLastMark;
        BSL_ERR_DeInit;
        BSL_ERR_GetErrAll;
        BSL_ERR_GetError;
        BSL_ERR_GetErrorFileLine;
        BSL_ERR_GetLastError;
        BSL_ERR_GetLastErrorFileLine;
        BSL_ERR_GetString;
        BSL_ERR_Init;
        BSL_ERR_OutputErrorStack;
        BSL_ERR_PeekError;
        BSL_ERR_PeekErrorFileLine;
        BSL_ERR_PeekLastError;
        BSL_ERR_PeekLastErrorFileLine;
        BSL_ERR_PopToMark;
        BSL_ERR_PushError;
        BSL_ERR_RegErrStackLog;
        BSL_ERR_RemoveErrStringBatch;
        BSL_ERR_RemoveErrorStack;
        BSL_ERR_SetMark;
        BSL_GLOBAL_DeInit;
        BSL_GLOBAL_Init;
        BSL_HASH_At;
        BSL_HASH_Clear;
        BSL_HASH_CodeCalc;
        BSL_HASH_CodeCalcInt;
        BSL_HASH_CodeCalcStr;
        BSL_HASH_Create;
        BSL_HASH_Destroy;
        BSL_HASH_Empty;
        BSL_HASH_Erase;
        BSL_HASH_Find;
        BSL_HASH_HashIterKey;
        BSL_HASH_Insert;
        BSL_HASH_IterBegin;
        BSL_HASH_IterEnd;
        BSL_HASH_IterNext;
        BSL_HASH_IterValue;
        BSL_HASH_MatchInt;
        BSL_HASH_MatchStr;
        BSL_HASH_Put;
        BSL_HASH_Size;
        BSL_IsLeapYear;
        BSL_LIST_AddElement;
        BSL_LIST_AddElementInt;
        BSL_LIST_Concat;
        BSL_LIST_Copy;
        BSL_LIST_Curr;
        BSL_LIST_DeleteAll;
        BSL_LIST_DeleteAllAfterSort;
        BSL_LIST_DeleteCurrent;
        BSL_LIST_DeleteNode;
        BSL_LIST_DetachCurrent;
        BSL_LIST_DetachNode;
        BSL_LIST_First;
        BSL_LIST_FirstNode;
        BSL_LIST_FirstNodeData;
        BSL_LIST_FreeWithoutData;
        BSL_LIST_GetData;
        BSL_LIST_GetElmtIndex;
        BSL_LIST_GetIndexNode;
        BSL_LIST_GetIndexNodeEx;
        BSL_LIST_GetMaxElements;
        BSL_LIST_GetMaxQsortCount;
        BSL_LIST_GetNextNode;
        BSL_LIST_GetPrevNode;
        BSL_LIST_Last;
        BSL_LIST_LastNode;
        BSL_LIST_New;
        BSL_LIST_Next;
        BSL_LIST_Prev;
        BSL_LIST_RevList;
        BSL_LIST_Search;
        BSL_LIST_SearchDataConst;
        BSL_LIST_SearchEx;
        BSL_LIST_SetMaxElements;
        BSL_LIST_SetMaxQsortCount;
        BSL_LIST_Sort;
        BSL_LOG_BinLogFixLen;
        BSL_LOG_BinLogVarLen;
        BSL_LOG_GetBinLogLevel;
        BSL_LOG_GetVersion;
        BSL_LOG_GetVersionNum;
        BSL_LOG_RegBinLogFunc;
        BSL_LOG_SetBinLogLevel;
        BSL_ListBack;
        BSL_ListClear;
        BSL_ListConcatToEmptyList;
        BSL_ListConcatToNonEmptyList;
        BSL_ListDeinit;
        BSL_ListFront;
        BSL_ListInit;
        BSL_ListInsert;
        BSL_ListIsEmpty;
        BSL_ListIterBegin;
        BSL_ListIterData;
        BSL_ListIterEnd;
        BSL_ListIterErase;
        BSL_ListIterFind;
        BSL_ListIterNext;
        BSL_ListIterPrev;
        BSL_ListPopBack;
        BSL_ListPopFront;
        BSL_ListPushBack;
        BSL_ListPushFront;
        BSL_ListSize;
        BSL_ListSortInternal;
        BSL_OBJ_Create;
        BSL_OBJ_CreateSignId;
        BSL_OBJ_FreeHashTable;
        BSL_OBJ_FreeSignHashTable;
        BSL_OBJ_GetAsymAlgIdFromSignId;
        BSL_OBJ_GetCID;
        BSL_OBJ_GetCidFromOidBuff;
        BSL_OBJ_GetDnInfoFromCid;
        BSL_OBJ_GetDnInfoFromShortName;
        BSL_OBJ_GetOID;
        BSL_OBJ_GetOidFromNumericString;
        BSL_OBJ_GetOidNameFromCID;
        BSL_OBJ_GetOidNameFromOid;
        BSL_OBJ_GetOidNameFromOidBuff;
        BSL_OBJ_GetOidNumericString;
        BSL_OBJ_GetSignIdFromHashAndAsymId;
        BSL_PARAM_FindConstParam;
        BSL_PARAM_FindParam;
        BSL_PARAM_Free;
        BSL_PARAM_GetPtrValue;
        BSL_PARAM_GetValue;
        BSL_PARAM_InitValue;
        BSL_PARAM_SetValue;
        BSL_PEM_DecodePemToAsn1;
        BSL_PEM_EncodeAsn1ToPem;
        BSL_PEM_GetAsn1Encode;
        BSL_PEM_GetPemRealEncode;
        BSL_PEM_GetSymbolAndType;
        BSL_PEM_IsPemFormat;
        BSL_PRINT_Buff;
        BSL_PRINT_Fmt;
        BSL_PRINT_Hex;
        BSL_PRINT_MONTH_STR;
        BSL_PRINT_Number;
        BSL_PRINT_Time;
        BSL_SAL_Atoi;
        BSL_SAL_AtomicAdd;
        BSL_SAL_AtomicRefUpCtrl;
        BSL_SAL_CallBack_Ctrl;
        BSL_SAL_Calloc;
        BSL_SAL_CleanseData;
        BSL_SAL_ClearFree;
        BSL_SAL_CondSignal;
        BSL_SAL_CondTimedwaitMs;
        BSL_SAL_CreateCondVar;
        BSL_SAL_CurrentSysTimeGet;
        BSL_SAL_DateTimeCompare;
        BSL_SAL_DateTimeCompareByUs;
        BSL_SAL_DateToUtcTimeConvert;
        BSL_SAL_DeleteCondVar;
        BSL_SAL_Dump;
        BSL_SAL_FileClose;
        BSL_SAL_FileLength;
        BSL_SAL_FileOpen;
        BSL_SAL_FileRead;
        BSL_SAL_FileWrite;
        BSL_SAL_Free;
        BSL_SAL_GetPid;
        BSL_SAL_GetSockopt;
        BSL_SAL_Ioctlsocket;
        BSL_SAL_Malloc;
        BSL_SAL_Memchr;
        BSL_SAL_ReadFile;
        BSL_SAL_Realloc;
        BSL_SAL_Select;
        BSL_SAL_SetSockopt;
        BSL_SAL_Sleep;
        BSL_SAL_SockBind;
        BSL_SAL_SockClose;
        BSL_SAL_SockConnect;
        BSL_SAL_SockGetLastSocketError;
        BSL_SAL_SockListen;
        BSL_SAL_SockRecv;
        BSL_SAL_SockSend;
        BSL_SAL_Socket;
        BSL_SAL_StrcaseCmp;
        BSL_SAL_Strnlen;
        BSL_SAL_SysTimeFuncReg;
        BSL_SAL_SysTimeGet;
        BSL_SAL_TIME_GetNSec;
        BSL_SAL_ThreadClose;
        BSL_SAL_ThreadCreate;
        BSL_SAL_ThreadGetId;
        BSL_SAL_ThreadLockFree;
        BSL_SAL_ThreadLockNew;
        BSL_SAL_ThreadReadLock;
        BSL_SAL_ThreadRunOnce;
        BSL_SAL_ThreadUnlock;
        BSL_SAL_ThreadWriteLock;
        BSL_SAL_Tick;
        BSL_SAL_TicksPerSec;
        BSL_SAL_UtcTimeToDateConvert;
        BSL_SAL_WriteFile;
        BSL_SysTimeFuncUnReg;
        BSL_TLV_FindValuePos;
        BSL_TLV_Pack;
        BSL_TLV_Parse;
        BSL_UIO_Append;
        BSL_UIO_BufferMethod;
        BSL_UIO_ClearFlags;
        BSL_UIO_Ctrl;
        BSL_UIO_Free;
        BSL_UIO_FreeChain;
        BSL_UIO_FreeMethod;
        BSL_UIO_GetCtx;
        BSL_UIO_GetFd;
        BSL_UIO_GetIsUnderlyingClosedByUio;
        BSL_UIO_GetMethod;
        BSL_UIO_GetMethodFunc;
        BSL_UIO_GetMethodWithoutConst;
        BSL_UIO_GetTransportType;
        BSL_UIO_GetUioChainTransportType;
        BSL_UIO_GetUserData;
        BSL_UIO_Gets;
        BSL_UIO_MemMethod;
        BSL_UIO_New;
        BSL_UIO_NewMethod;
        BSL_UIO_Next;
        BSL_UIO_PopCurrent;
        BSL_UIO_Puts;
        BSL_UIO_Read;
        BSL_UIO_SetCtx;
        BSL_UIO_SetCtxLen;
        BSL_UIO_SetFD;
        BSL_UIO_SetFlags;
        BSL_UIO_SetInit;
        BSL_UIO_SetIsUnderlyingClosedByUio;
        BSL_UIO_SetMethod;
        BSL_UIO_SetMethodType;
        BSL_UIO_SetUserData;
        BSL_UIO_SetUserDataFreeFunc;
        BSL_UIO_SockShouldRetry;
        BSL_UIO_TcpMethod;
        BSL_UIO_TestFlags;
        BSL_UIO_UpRef;
        BSL_UIO_Write;
        OBJ_GetHashIdFromSignId;
        SAL_FGetAttr;
        SAL_FGets;
        SAL_FPuts;
        SAL_FSetAttr;
        SAL_Feof;
        SAL_FileError;
        SAL_FileSeek;
        SAL_FileTell;
        SAL_Flush;
        SAL_Read;
        SAL_Recvfrom;
        SAL_Sendto;
        SAL_SockAddrCopy;
        SAL_SockAddrFree;
        SAL_SockAddrGetFamily;
        SAL_SockAddrNew;
        SAL_SockAddrSize;
        SAL_Write;
        TIME_DateToStrConvert;
        UIO_GetCtxLen;
    local:
        *;
};
