# This file is part of the openHiTLS project.
#
# openHiTLS is licensed under the Mulan PSL v2.
# You can use this software according to the terms and conditions of the Mulan PSL v2.
# You may obtain a copy of Mulan PSL v2 at:
#
#     http://license.coscl.org.cn/MulanPSL2
#
# THIS SOFTWARE IS PROVIDED ON AN "AS IS" BASIS, WITHOUT WARRANTIES OF ANY KIND,
# EITHER EXPRESS OR IMPLIED, INCLUDING BUT NOT LIMITED TO NON-INFRINGEMENT,
# MERCHANTABILITY OR FIT FOR A PARTICULAR PURPOSE.
# See the Mulan PSL v2 for more details.

# Version script (equivalent to gcc's -Wl,--version-script) in whitelist mode.
# Exported symbols mirror the full export surface of the built shared library
# (all symbols reported by nm -D) plus header-declared interfaces, so the
# export set stays identical to before version_script was introduced.
{
    global:
        HITLS_CMS_AddCert;
        HITLS_CMS_AddCrl;
        HITLS_CMS_AddMd;
        HITLS_CMS_Ctrl;
        HITLS_CMS_DataFinal;
        HITLS_CMS_DataInit;
        HITLS_CMS_DataSign;
        HITLS_CMS_DataUpdate;
        HITLS_CMS_DataVerify;
        HITLS_CMS_EncodeDigestInfoBuff;
        HITLS_CMS_Free;
        HITLS_CMS_GenBuff;
        HITLS_CMS_GenFile;
        HITLS_CMS_GenSignedDataBuff;
        HITLS_CMS_GetDefaultMlDsaDigestAlg;
        HITLS_CMS_IsPqcSignAlg;
        HITLS_CMS_ParseAsn1Data;
        HITLS_CMS_ParseDigestInfo;
        HITLS_CMS_ParseSignedData;
        HITLS_CMS_ProviderNew;
        HITLS_CMS_ProviderParseBuff;
        HITLS_CMS_ProviderParseFile;
        HITLS_CMS_SignedDataCtrl;
        HITLS_CMS_SignedDataFinal;
        HITLS_CMS_SignedDataInit;
        HITLS_CMS_SignedDataUpdate;
        HITLS_CMS_SignerInfoFree;
        HITLS_CMS_ValidateMlDsaDigestAlg;
        HITLS_CMS_ValidatePqcSignDigest;
        HITLS_CRL_ParseCrlAsnItem;
        HITLS_CRL_ParseCrlEntry;
        HITLS_CRL_ParseExtAsnItem;
        HITLS_CRL_ParseExtSeqof;
        HITLS_PKCS12_AttributesFree;
        HITLS_PKCS12_BagAddAttr;
        HITLS_PKCS12_BagCtrl;
        HITLS_PKCS12_BagFree;
        HITLS_PKCS12_BagNew;
        HITLS_PKCS12_BagRefUp;
        HITLS_PKCS12_CalMac;
        HITLS_PKCS12_ConvertSafeBag;
        HITLS_PKCS12_Ctrl;
        HITLS_PKCS12_EncodeAsn1List;
        HITLS_PKCS12_EncodeAttrList;
        HITLS_PKCS12_EncodeContentInfo;
        HITLS_PKCS12_EncodeMacData;
        HITLS_PKCS12_Free;
        HITLS_PKCS12_GenBuff;
        HITLS_PKCS12_GenFile;
        HITLS_PKCS12_KDF;
        HITLS_PKCS12_MacDataFree;
        HITLS_PKCS12_MacDataNew;
        HITLS_PKCS12_New;
        HITLS_PKCS12_ParseAsn1AddList;
        HITLS_PKCS12_ParseAuthSafeData;
        HITLS_PKCS12_ParseBuff;
        HITLS_PKCS12_ParseContentInfo;
        HITLS_PKCS12_ParseFile;
        HITLS_PKCS12_ParseMacData;
        HITLS_PKCS12_ParseSafeBagAttr;
        HITLS_PKCS12_ParseSafeBagList;
        HITLS_PKCS12_ProviderNew;
        HITLS_PKCS12_ProviderParseBuff;
        HITLS_PKCS12_ProviderParseFile;
        HITLS_PKCS12_SafeBagFree;
        HITLS_PKI_GetPrintFlag;
        HITLS_PKI_PrintCtrl;
        HITLS_PKI_PrintDnName;
        HITLS_PKI_SetPrintFlag;
        HITLS_ParseCrlExtInvalidTime;
        HITLS_ParseCrlExtReason;
        HITLS_X509_AddDnName;
        HITLS_X509_AddListItemDefault;
        HITLS_X509_AttrCtrl;
        HITLS_X509_AttrEntryFree;
        HITLS_X509_AttrsDup;
        HITLS_X509_AttrsFree;
        HITLS_X509_AttrsNew;
        HITLS_X509_CertChainBuild;
        HITLS_X509_CertCmp;
        HITLS_X509_CertCtrl;
        HITLS_X509_CertDigest;
        HITLS_X509_CertDup;
        HITLS_X509_CertFree;
        HITLS_X509_CertGenBuff;
        HITLS_X509_CertGenFile;
        HITLS_X509_CertIsCA;
        HITLS_X509_CertMulParseBuff;
        HITLS_X509_CertNew;
        HITLS_X509_CertParseBuff;
        HITLS_X509_CertParseBundleBuff;
        HITLS_X509_CertParseBundleFile;
        HITLS_X509_CertParseFile;
        HITLS_X509_CertSign;
        HITLS_X509_CertTagGetOrCheck;
        HITLS_X509_CertVerify;
        HITLS_X509_CertVerifyByPubKey;
        HITLS_X509_CheckAki;
        HITLS_X509_CheckAlg;
        HITLS_X509_CheckCertCrl;
        HITLS_X509_CheckCertRevoked;
        HITLS_X509_CheckCertTime;
        HITLS_X509_CheckCrlTime;
        HITLS_X509_CheckIssued;
        HITLS_X509_CheckKey;
        HITLS_X509_CheckSignAlgConsistency;
        HITLS_X509_CheckSignature;
        HITLS_X509_ClearAuthorityKeyId;
        HITLS_X509_ClearExtendedKeyUsage;
        HITLS_X509_ClearGeneralNames;
        HITLS_X509_ClearSubjectAltName;
        HITLS_X509_CmpNameNode;
        HITLS_X509_CrlAddRevokedCert;
        HITLS_X509_CrlCmp;
        HITLS_X509_CrlCtrl;
        HITLS_X509_CrlEntryChoiceCheck;
        HITLS_X509_CrlEntryCtrl;
        HITLS_X509_CrlEntryFree;
        HITLS_X509_CrlEntryNew;
        HITLS_X509_CrlFree;
        HITLS_X509_CrlGenBuff;
        HITLS_X509_CrlGenFile;
        HITLS_X509_CrlNew;
        HITLS_X509_CrlParseBuff;
        HITLS_X509_CrlParseBundleBuff;
        HITLS_X509_CrlParseBundleFile;
        HITLS_X509_CrlParseFile;
        HITLS_X509_CrlSign;
        HITLS_X509_CrlTagGetOrCheck;
        HITLS_X509_CrlVerify;
        HITLS_X509_CsrCtrl;
        HITLS_X509_CsrFree;
        HITLS_X509_CsrGenBuff;
        HITLS_X509_CsrGenFile;
        HITLS_X509_CsrNew;
        HITLS_X509_CsrParseBuff;
        HITLS_X509_CsrParseFile;
        HITLS_X509_CsrSign;
        HITLS_X509_CsrTagGetOrCheck;
        HITLS_X509_CsrVerify;
        HITLS_X509_CtrlAlgInfo;
        HITLS_X509_DnListFree;
        HITLS_X509_DnListNew;
        HITLS_X509_EncodeAsn1Crl;
        HITLS_X509_EncodeAttrEntry;
        HITLS_X509_EncodeAttrList;
        HITLS_X509_EncodeCanonNameList;
        HITLS_X509_EncodeCrlExt;
        HITLS_X509_EncodeCrlTbsRaw;
        HITLS_X509_EncodeExt;
        HITLS_X509_EncodeExtEntry;
        HITLS_X509_EncodeNameList;
        HITLS_X509_EncodeObjIdentity;
        HITLS_X509_EncodePemCert;
        HITLS_X509_EncodePemCrl;
        HITLS_X509_EncodeRevokeCrlList;
        HITLS_X509_EncodeSignAlgInfo;
        HITLS_X509_ExtCtrl;
        HITLS_X509_ExtEntryFree;
        HITLS_X509_ExtFree;
        HITLS_X509_ExtNew;
        HITLS_X509_ExtReplace;
        HITLS_X509_FreeGeneralName;
        HITLS_X509_FreeNameNode;
        HITLS_X509_FreeParsedNameNode;
        HITLS_X509_GetDistinguishNameStrFromList;
        HITLS_X509_GetEncodeData;
        HITLS_X509_GetEncodeDn;
        HITLS_X509_GetEncodeLen;
        HITLS_X509_GetExt;
        HITLS_X509_GetList;
        HITLS_X509_GetPubKey;
        HITLS_X509_GetSerial;
        HITLS_X509_GetSignAlg;
        HITLS_X509_GetSignMdAlg;
        HITLS_X509_MatchPattern;
        HITLS_X509_ParseAsn1Cert;
        HITLS_X509_ParseAsn1Crl;
        HITLS_X509_ParseAttr;
        HITLS_X509_ParseAttrList;
        HITLS_X509_ParseAttrsListAsnItem;
        HITLS_X509_ParseAuthorityKeyId;
        HITLS_X509_ParseCertTbs;
        HITLS_X509_ParseCrlExt;
        HITLS_X509_ParseCrlList;
        HITLS_X509_ParseCrlTbs;
        HITLS_X509_ParseExt;
        HITLS_X509_ParseExtItem;
        HITLS_X509_ParseExtendedKeyUsage;
        HITLS_X509_ParseGeneralNames;
        HITLS_X509_ParseListAsnItem;
        HITLS_X509_ParseNameList;
        HITLS_X509_ParseSignAlgInfo;
        HITLS_X509_ParseSubjectAltName;
        HITLS_X509_ParseSubjectKeyId;
        HITLS_X509_ParseTbsRawData;
        HITLS_X509_ParseTime;
        HITLS_X509_ParseX509;
        HITLS_X509_ProviderCertNew;
        HITLS_X509_ProviderCertParseBuff;
        HITLS_X509_ProviderCertParseBundleBuff;
        HITLS_X509_ProviderCertParseBundleFile;
        HITLS_X509_ProviderCertParseFile;
        HITLS_X509_ProviderCsrNew;
        HITLS_X509_ProviderStoreCtxNew;
        HITLS_X509_SetExtList;
        HITLS_X509_SetGeneralNames;
        HITLS_X509_SetNameList;
        HITLS_X509_SetPkey;
        HITLS_X509_SetSerial;
        HITLS_X509_SetSm2UserId;
        HITLS_X509_Sign;
        HITLS_X509_SignAsn1Data;
        HITLS_X509_StoreCtxCtrl;
        HITLS_X509_StoreCtxDup;
        HITLS_X509_StoreCtxFree;
        HITLS_X509_StoreCtxNew;
        HITLS_X509_VerifyCrl;
        HITLS_X509_VerifyIdentity;
        HITLS_X509_VerifyParamAndExt;
    local:
        *;
};
