# This file is part of the openHiTLS project.
#
# openHiTLS is licensed under the Mulan PSL v2.
# You can use this software according to the terms and conditions of the Mulan PSL v2.
# You may obtain a copy of Mulan PSL v2 at:
#
#     http://license.coscl.org.cn/MulanPSL2
#
# THIS SOFTWARE IS PROVIDED ON AN "AS IS" BASIS, WITHOUT WARRANTIES OF ANY KIND,
# EITHER EXPRESS OR IMPLIED, INCLUDING BUT NOT LIMITED TO NON-INFRINGEMENT,
# MERCHANTABILITY OR FIT FOR A PARTICULAR PURPOSE.
# See the Mulan PSL v2 for more details.

{
    global:
        HITLS_AUTH_PrivPassCtxCtrl;
        HITLS_AUTH_PrivPassDeserialization;
        HITLS_AUTH_PrivPassFreeCtx;
        HITLS_AUTH_PrivPassFreeToken;
        HITLS_AUTH_PrivPassGenToken;
        HITLS_AUTH_PrivPassGenTokenChallenge;
        HITLS_AUTH_PrivPassGenTokenReq;
        HITLS_AUTH_PrivPassGenTokenResponse;
        HITLS_AUTH_PrivPassNewCtx;
        HITLS_AUTH_PrivPassNewToken;
        HITLS_AUTH_PrivPassSerialization;
        HITLS_AUTH_PrivPassSetCryptCb;
        HITLS_AUTH_PrivPassSetPrvkey;
        HITLS_AUTH_PrivPassSetPubkey;
        HITLS_AUTH_PrivPassTokenCtrl;
        HITLS_AUTH_PrivPassVerifyToken;
    local:
        *;
};
