# This file is part of the openHiTLS project.
#
# openHiTLS is licensed under the Mulan PSL v2.
# You can use this software according to the terms and conditions of the Mulan PSL v2.
# You may obtain a copy of Mulan PSL v2 at:
#
#     http://license.coscl.org.cn/MulanPSL2
#
# THIS SOFTWARE IS PROVIDED ON AN "AS IS" BASIS, WITHOUT WARRANTIES OF ANY KIND,
# EITHER EXPRESS OR IMPLIED, INCLUDING BUT NOT LIMITED TO NON-INFRINGEMENT,
# MERCHANTABILITY OR FIT FOR A PARTICULAR PURPOSE.
# See the Mulan PSL v2 for more details.

# Version script (equivalent to gcc's -Wl,--version-script) in whitelist mode.
# Exported symbols mirror the full export surface of the built shared library
# (all symbols reported by nm -D) plus header-declared interfaces, so the
# export set stays identical to before version_script was introduced.
{
    global:
        AES_CBC_DecryptBlock;
        AES_CBC_EncryptBlock;
        AES_CBC_Final;
        AES_CBC_Update;
        AES_CCM_Update;
        AES_GCM_ClearAsm;
        AES_GCM_Decrypt16BlockAsm;
        AES_GCM_DecryptBlock;
        AES_GCM_DecryptBlockAsm;
        AES_GCM_Encrypt16BlockAsm;
        AES_GCM_EncryptBlock;
        AES_GCM_EncryptBlockAsm;
        AES_GCM_Update;
        BN_Add;
        BN_AddLimb;
        BN_Array2BN;
        BN_BN2Array;
        BN_Bin2Bn;
        BN_Bits;
        BN_Bn2Bin;
        BN_Bn2BinFixZero;
        BN_Bn2Dec;
        BN_Bn2Hex;
        BN_Bn2U64Array;
        BN_Bytes;
        BN_CbCtxCall;
        BN_CbCtxCreate;
        BN_CbCtxDestroy;
        BN_CbCtxGetArg;
        BN_CbCtxSet;
        BN_ClrBit;
        BN_Cmp;
        BN_Copy;
        BN_CopyWithMask;
        BN_Create;
        BN_Dec2Bn;
        BN_Destroy;
        BN_Div;
        BN_DivLimb;
        BN_Dup;
        BN_EcPrimeMontMul;
        BN_EcPrimeMontSqr;
        BN_Extend;
        BN_FixSize;
        BN_Gcd;
        BN_GenPrime;
        BN_GetBit;
        BN_GetLimb;
        BN_Hex2Bn;
        BN_Init;
        BN_IsFlag;
        BN_IsLimb;
        BN_IsNegative;
        BN_IsOdd;
        BN_IsOne;
        BN_IsZero;
        BN_Lcm;
        BN_Lshift;
        BN_MaskBit;
        BN_Mod;
        BN_ModAdd;
        BN_ModAddQuick;
        BN_ModExp;
        BN_ModInv;
        BN_ModLimb;
        BN_ModMul;
        BN_ModNistEccMul;
        BN_ModNistEccSqr;
        BN_ModSm2EccMul;
        BN_ModSm2EccSqr;
        BN_ModSqr;
        BN_ModSqrt;
        BN_ModSub;
        BN_ModSubQuick;
        BN_MontCreate;
        BN_MontDestroy;
        BN_MontExp;
        BN_MontExpConsttime;
        BN_Mul;
        BN_MulLimb;
        BN_OptimizerCreate;
        BN_OptimizerDestroy;
        BN_OptimizerGetLibCtx;
        BN_OptimizerSetLibCtx;
        BN_PrimeCheck;
        BN_Rand;
        BN_RandEx;
        BN_RandRange;
        BN_RandRangeEx;
        BN_Rshift;
        BN_SecBits;
        BN_SetBit;
        BN_SetFlag;
        BN_SetLimb;
        BN_SetSign;
        BN_Sqr;
        BN_Sub;
        BN_SubLimb;
        BN_SwapWithMask;
        BN_U64Array2Bn;
        BN_Zeroize;
        CHACHA20_Block;
        CHACHA20_Update;
        CRYPT_AES_CBC_Decrypt;
        CRYPT_AES_CBC_Encrypt;
        CRYPT_AES_Clean;
        CRYPT_AES_Decrypt;
        CRYPT_AES_Encrypt;
        CRYPT_AES_SetDecryptKey128;
        CRYPT_AES_SetDecryptKey192;
        CRYPT_AES_SetDecryptKey256;
        CRYPT_AES_SetEncryptKey128;
        CRYPT_AES_SetEncryptKey192;
        CRYPT_AES_SetEncryptKey256;
        CRYPT_CHACHA20_Clean;
        CRYPT_CHACHA20_Ctrl;
        CRYPT_CHACHA20_SetKey;
        CRYPT_CHACHA20_Update;
        CRYPT_CMAC_Ctrl;
        CRYPT_CMAC_Deinit;
        CRYPT_CMAC_DupCtx;
        CRYPT_CMAC_Final;
        CRYPT_CMAC_FreeCtx;
        CRYPT_CMAC_Init;
        CRYPT_CMAC_InitEx;
        CRYPT_CMAC_NewCtx;
        CRYPT_CMAC_NewCtxEx;
        CRYPT_CMAC_Reinit;
        CRYPT_CMAC_Update;
        CRYPT_CTRL_GetNum32;
        CRYPT_CTRL_GetNum32Ex;
        CRYPT_CTRL_SetData;
        CRYPT_CTRL_SetMacMethod;
        CRYPT_CTRL_SetMdAttrToHmac;
        CRYPT_CURVE25519_ComputeSharedKey;
        CRYPT_CURVE25519_Ctrl;
        CRYPT_CURVE25519_DupCtx;
        CRYPT_CURVE25519_FreeCtx;
        CRYPT_CURVE25519_GetBits;
        CRYPT_CURVE25519_GetPrvKey;
        CRYPT_CURVE25519_GetPrvKeyEx;
        CRYPT_CURVE25519_GetPubKey;
        CRYPT_CURVE25519_GetPubKeyEx;
        CRYPT_CURVE25519_GetSecBits;
        CRYPT_CURVE25519_SetPrvKey;
        CRYPT_CURVE25519_SetPrvKeyEx;
        CRYPT_CURVE25519_SetPubKey;
        CRYPT_CURVE25519_SetPubKeyEx;
        CRYPT_CalcHash;
        CRYPT_DECODE_AlgoIdAsn1Buff;
        CRYPT_DECODE_ConstructBufferOutParam;
        CRYPT_DECODE_MldsaPrikeyAsn1Buff;
        CRYPT_DECODE_MlkemPrikeyAsn1Buff;
        CRYPT_DECODE_ParseEncDataAsn1;
        CRYPT_DECODE_ParseSubKeyInfo;
        CRYPT_DECODE_Pkcs8Info;
        CRYPT_DECODE_Pkcs8PrvDecrypt;
        CRYPT_DECODE_PrikeyAsn1Buff;
        CRYPT_DECODE_RsaPrikeyAsn1Buff;
        CRYPT_DECODE_RsaPubkeyAsn1Buff;
        CRYPT_DECODE_SlhDsaPrikeyAsn1Buff;
        CRYPT_DECODE_SubPubkey;
        CRYPT_EAL_CipherCopyCtx;
        CRYPT_EAL_CipherCtrl;
        CRYPT_EAL_CipherDeinit;
        CRYPT_EAL_CipherDupCtx;
        CRYPT_EAL_CipherFinal;
        CRYPT_EAL_CipherFreeCtx;
        CRYPT_EAL_CipherGetInfo;
        CRYPT_EAL_CipherGetPadding;
        CRYPT_EAL_CipherInit;
        CRYPT_EAL_CipherIsValidAlgId;
        CRYPT_EAL_CipherNewCtx;
        CRYPT_EAL_CipherReinit;
        CRYPT_EAL_CipherSetPadding;
        CRYPT_EAL_CipherUpdate;
        CRYPT_EAL_Cleanup;
        CRYPT_EAL_DecodeBuffKey;
        CRYPT_EAL_DecodeFileKey;
        CRYPT_EAL_DecodeSign;
        CRYPT_EAL_DecodeSm2EncryptData;
        CRYPT_EAL_DeinitRsaPrv;
        CRYPT_EAL_DrbgCtrl;
        CRYPT_EAL_DrbgDeinit;
        CRYPT_EAL_DrbgInstantiate;
        CRYPT_EAL_DrbgNew;
        CRYPT_EAL_DrbgSeed;
        CRYPT_EAL_DrbgSeedWithAdin;
        CRYPT_EAL_Drbgbytes;
        CRYPT_EAL_DrbgbytesWithAdin;
        CRYPT_EAL_EncodeAsn1PriKey;
        CRYPT_EAL_EncodeAsn1SubPubkey;
        CRYPT_EAL_EncodeBuffKey;
        CRYPT_EAL_EncodeFileKey;
        CRYPT_EAL_EncodePKCS7EncryptDataBuff;
        CRYPT_EAL_EncodePemPriKey;
        CRYPT_EAL_EncodePubKeyBuffInternal;
        CRYPT_EAL_EncodeRsaPssAlgParam;
        CRYPT_EAL_EncodeSign;
        CRYPT_EAL_EncodeSm2EncryptData;
        CRYPT_EAL_GetEncodeFormat;
        CRYPT_EAL_GetEncodeType;
        CRYPT_EAL_GetMacLen;
        CRYPT_EAL_GetRsaPssPara;
        CRYPT_EAL_GetSeedCtx;
        CRYPT_EAL_GetSignEncodeLen;
        CRYPT_EAL_GetSm2EncryptDataEncodeLen;
        CRYPT_EAL_HpkeExportSecret;
        CRYPT_EAL_HpkeFreeCtx;
        CRYPT_EAL_HpkeGenerateKeyPair;
        CRYPT_EAL_HpkeGetEncapKeyLen;
        CRYPT_EAL_HpkeGetSeq;
        CRYPT_EAL_HpkeGetSharedSecret;
        CRYPT_EAL_HpkeNewCtx;
        CRYPT_EAL_HpkeOpen;
        CRYPT_EAL_HpkeSeal;
        CRYPT_EAL_HpkeSetAuthPriKey;
        CRYPT_EAL_HpkeSetAuthPubKey;
        CRYPT_EAL_HpkeSetPsk;
        CRYPT_EAL_HpkeSetSeq;
        CRYPT_EAL_HpkeSetSharedSecret;
        CRYPT_EAL_HpkeSetupRecipient;
        CRYPT_EAL_HpkeSetupSender;
        CRYPT_EAL_Init;
        CRYPT_EAL_InitRsaPrv;
        CRYPT_EAL_KdfCopyCtx;
        CRYPT_EAL_KdfDeInitCtx;
        CRYPT_EAL_KdfDerive;
        CRYPT_EAL_KdfDupCtx;
        CRYPT_EAL_KdfFreeCtx;
        CRYPT_EAL_KdfIsValidAlgId;
        CRYPT_EAL_KdfNewCtx;
        CRYPT_EAL_KdfSetParam;
        CRYPT_EAL_MacCopyCtx;
        CRYPT_EAL_MacCtrl;
        CRYPT_EAL_MacDeinit;
        CRYPT_EAL_MacDupCtx;
        CRYPT_EAL_MacFinal;
        CRYPT_EAL_MacFreeCtx;
        CRYPT_EAL_MacInit;
        CRYPT_EAL_MacIsValidAlgId;
        CRYPT_EAL_MacNewCtx;
        CRYPT_EAL_MacReinit;
        CRYPT_EAL_MacSetParam;
        CRYPT_EAL_MacUpdate;
        CRYPT_EAL_Md;
        CRYPT_EAL_MdCopyCtx;
        CRYPT_EAL_MdDeinit;
        CRYPT_EAL_MdDupCtx;
        CRYPT_EAL_MdFinal;
        CRYPT_EAL_MdFreeCtx;
        CRYPT_EAL_MdGetDigestSize;
        CRYPT_EAL_MdGetId;
        CRYPT_EAL_MdInit;
        CRYPT_EAL_MdIsValidAlgId;
        CRYPT_EAL_MdMBFinal;
        CRYPT_EAL_MdMBFreeCtx;
        CRYPT_EAL_MdMBInit;
        CRYPT_EAL_MdMBNewCtx;
        CRYPT_EAL_MdMBUpdate;
        CRYPT_EAL_MdNewCtx;
        CRYPT_EAL_MdSqueeze;
        CRYPT_EAL_MdUpdate;
        CRYPT_EAL_NoProviderRandInitCtxInner;
        CRYPT_EAL_ParseAsn1PKCS7EncryptedData;
        CRYPT_EAL_ParseAsn1PriKey;
        CRYPT_EAL_ParseAsn1PubKey;
        CRYPT_EAL_ParseAsn1SubPubkey;
        CRYPT_EAL_ParsePemPriKey;
        CRYPT_EAL_ParsePemPubKey;
        CRYPT_EAL_ParseRsaPssAlgParam;
        CRYPT_EAL_PkeyBlind;
        CRYPT_EAL_PkeyCmp;
        CRYPT_EAL_PkeyComputeShareKey;
        CRYPT_EAL_PkeyCopyCtx;
        CRYPT_EAL_PkeyCtrl;
        CRYPT_EAL_PkeyDecaps;
        CRYPT_EAL_PkeyDecapsInit;
        CRYPT_EAL_PkeyDecrypt;
        CRYPT_EAL_PkeyDupCtx;
        CRYPT_EAL_PkeyEncaps;
        CRYPT_EAL_PkeyEncapsInit;
        CRYPT_EAL_PkeyEncrypt;
        CRYPT_EAL_PkeyFindMethod;
        CRYPT_EAL_PkeyFreeCtx;
        CRYPT_EAL_PkeyGen;
        CRYPT_EAL_PkeyGetExtData;
        CRYPT_EAL_PkeyGetId;
        CRYPT_EAL_PkeyGetKeyBits;
        CRYPT_EAL_PkeyGetKeyLen;
        CRYPT_EAL_PkeyGetPara;
        CRYPT_EAL_PkeyGetParaId;
        CRYPT_EAL_PkeyGetPrv;
        CRYPT_EAL_PkeyGetPrvEx;
        CRYPT_EAL_PkeyGetPub;
        CRYPT_EAL_PkeyGetPubEx;
        CRYPT_EAL_PkeyGetSecurityBits;
        CRYPT_EAL_PkeyGetSignLen;
        CRYPT_EAL_PkeyHEAdd;
        CRYPT_EAL_PkeyHEMul;
        CRYPT_EAL_PkeyIsValidAlgId;
        CRYPT_EAL_PkeyNewCtx;
        CRYPT_EAL_PkeyPairCheck;
        CRYPT_EAL_PkeyPrvCheck;
        CRYPT_EAL_PkeySetExtData;
        CRYPT_EAL_PkeySetPara;
        CRYPT_EAL_PkeySetParaById;
        CRYPT_EAL_PkeySetParaEx;
        CRYPT_EAL_PkeySetPrv;
        CRYPT_EAL_PkeySetPrvEx;
        CRYPT_EAL_PkeySetPub;
        CRYPT_EAL_PkeySetPubEx;
        CRYPT_EAL_PkeySign;
        CRYPT_EAL_PkeySignData;
        CRYPT_EAL_PkeyUnBlind;
        CRYPT_EAL_PkeyUpRef;
        CRYPT_EAL_PkeyVerify;
        CRYPT_EAL_PkeyVerifyData;
        CRYPT_EAL_PriKeyEncodeBuff;
        CRYPT_EAL_PriKeyParseBuff;
        CRYPT_EAL_PrintPrikey;
        CRYPT_EAL_PrintPubkey;
        CRYPT_EAL_PrintRsaPssPara;
        CRYPT_EAL_ProviderCipherNewCtx;
        CRYPT_EAL_ProviderDecodeBuffKey;
        CRYPT_EAL_ProviderDecodeFileKey;
        CRYPT_EAL_ProviderEncodeBuffKey;
        CRYPT_EAL_ProviderEncodeFileKey;
        CRYPT_EAL_ProviderKdfNewCtx;
        CRYPT_EAL_ProviderMacNewCtx;
        CRYPT_EAL_ProviderMd;
        CRYPT_EAL_ProviderMdNewCtx;
        CRYPT_EAL_ProviderPkeyNewCtx;
        CRYPT_EAL_ProviderRandInitCtx;
        CRYPT_EAL_PubKeyEncodeBuff;
        CRYPT_EAL_PubKeyParseBuff;
        CRYPT_EAL_RandDeinit;
        CRYPT_EAL_RandDeinitEx;
        CRYPT_EAL_RandInit;
        CRYPT_EAL_RandIsValidAlgId;
        CRYPT_EAL_RandSeed;
        CRYPT_EAL_RandSeedEx;
        CRYPT_EAL_RandSeedWithAdin;
        CRYPT_EAL_Randbytes;
        CRYPT_EAL_RandbytesEx;
        CRYPT_EAL_RandbytesWithAdin;
        CRYPT_EAL_RegEventReport;
        CRYPT_EAL_SeedPoolAddEs;
        CRYPT_EAL_SeedPoolFree;
        CRYPT_EAL_SeedPoolGetEntropy;
        CRYPT_EAL_SeedPoolNew;
        CRYPT_EAL_UnKnownKeyParseBuff;
        CRYPT_ECDH_Check;
        CRYPT_ECDH_ComputeShareKey;
        CRYPT_ECDH_Ctrl;
        CRYPT_ECDH_GetParaId;
        CRYPT_ECDH_GetSecBits;
        CRYPT_ECDH_NewCtx;
        CRYPT_ECDH_NewCtxEx;
        CRYPT_ECDH_NewPara;
        CRYPT_ECDH_SetPara;
        CRYPT_ECDH_SetParaEx;
        CRYPT_ECDSA_Check;
        CRYPT_ECDSA_Ctrl;
        CRYPT_ECDSA_GetParaId;
        CRYPT_ECDSA_GetSecBits;
        CRYPT_ECDSA_GetSignLen;
        CRYPT_ECDSA_NewCtx;
        CRYPT_ECDSA_NewCtxEx;
        CRYPT_ECDSA_NewPara;
        CRYPT_ECDSA_SetPara;
        CRYPT_ECDSA_SetParaEx;
        CRYPT_ECDSA_Sign;
        CRYPT_ECDSA_SignData;
        CRYPT_ECDSA_Verify;
        CRYPT_ECDSA_VerifyData;
        CRYPT_ENCODE_AlgoIdAsn1Buff;
        CRYPT_ENCODE_EccPrikeyAsn1Buff;
        CRYPT_ENCODE_Pkcs8Info;
        CRYPT_ENCODE_PkcsEncryptedBuff;
        CRYPT_ENCODE_RsaPrikeyAsn1Buff;
        CRYPT_ENCODE_RsaPubkeyAsn1Buff;
        CRYPT_ENCODE_SubPubkeyByInfo;
        CRYPT_GetMdSizeById;
        CRYPT_HKDF;
        CRYPT_HKDF_Deinit;
        CRYPT_HKDF_Derive;
        CRYPT_HKDF_DupCtx;
        CRYPT_HKDF_Expand;
        CRYPT_HKDF_Extract;
        CRYPT_HKDF_FreeCtx;
        CRYPT_HKDF_IsValidAlgId;
        CRYPT_HKDF_NewCtx;
        CRYPT_HKDF_NewCtxEx;
        CRYPT_HKDF_SetMacMethod;
        CRYPT_HKDF_SetOutLen;
        CRYPT_HKDF_SetParam;
        CRYPT_HMAC_Ctrl;
        CRYPT_HMAC_Deinit;
        CRYPT_HMAC_DupCtx;
        CRYPT_HMAC_Final;
        CRYPT_HMAC_FreeCtx;
        CRYPT_HMAC_GetMacLen;
        CRYPT_HMAC_Init;
        CRYPT_HMAC_InitEx;
        CRYPT_HMAC_NewCtx;
        CRYPT_HMAC_NewCtxEx;
        CRYPT_HMAC_Reinit;
        CRYPT_HMAC_Update;
        CRYPT_ML_DSA_Check;
        CRYPT_ML_DSA_Ctrl;
        CRYPT_ML_DSA_DupCtx;
        CRYPT_ML_DSA_FreeCtx;
        CRYPT_ML_DSA_GenKey;
        CRYPT_ML_DSA_GetPrvKey;
        CRYPT_ML_DSA_GetPrvKeyEx;
        CRYPT_ML_DSA_GetPubKey;
        CRYPT_ML_DSA_GetPubKeyEx;
        CRYPT_ML_DSA_NewCtx;
        CRYPT_ML_DSA_NewCtxEx;
        CRYPT_ML_DSA_SetPrvKey;
        CRYPT_ML_DSA_SetPrvKeyEx;
        CRYPT_ML_DSA_SetPubKey;
        CRYPT_ML_DSA_SetPubKeyEx;
        CRYPT_ML_DSA_Sign;
        CRYPT_ML_DSA_Verify;
        CRYPT_ML_KEM_Check;
        CRYPT_ML_KEM_Ctrl;
        CRYPT_ML_KEM_Decaps;
        CRYPT_ML_KEM_DupCtx;
        CRYPT_ML_KEM_Encaps;
        CRYPT_ML_KEM_FreeCtx;
        CRYPT_ML_KEM_GenKey;
        CRYPT_ML_KEM_GetDecapsKey;
        CRYPT_ML_KEM_GetDecapsKeyEx;
        CRYPT_ML_KEM_GetEncapsKey;
        CRYPT_ML_KEM_GetEncapsKeyEx;
        CRYPT_ML_KEM_NewCtx;
        CRYPT_ML_KEM_NewCtxEx;
        CRYPT_ML_KEM_PrvKeyValidCheck;
        CRYPT_ML_KEM_SetDecapsKey;
        CRYPT_ML_KEM_SetDecapsKeyEx;
        CRYPT_ML_KEM_SetEncapsKey;
        CRYPT_ML_KEM_SetEncapsKeyEx;
        CRYPT_Mgf1;
        CRYPT_PBKDF2_CalcT;
        CRYPT_PBKDF2_Deinit;
        CRYPT_PBKDF2_Derive;
        CRYPT_PBKDF2_DupCtx;
        CRYPT_PBKDF2_FreeCtx;
        CRYPT_PBKDF2_GenDk;
        CRYPT_PBKDF2_HMAC;
        CRYPT_PBKDF2_IsValidAlgId;
        CRYPT_PBKDF2_NewCtx;
        CRYPT_PBKDF2_NewCtxEx;
        CRYPT_PBKDF2_SetCnt;
        CRYPT_PBKDF2_SetMacMethod;
        CRYPT_PBKDF2_SetParam;
        CRYPT_PBKDF2_U1;
        CRYPT_PBKDF2_Un;
        CRYPT_RSA_Check;
        CRYPT_RSA_Ctrl;
        CRYPT_RSA_Decrypt;
        CRYPT_RSA_DupCtx;
        CRYPT_RSA_DupPara;
        CRYPT_RSA_Encrypt;
        CRYPT_RSA_FreeCtx;
        CRYPT_RSA_FreePara;
        CRYPT_RSA_Gen;
        CRYPT_RSA_GetBits;
        CRYPT_RSA_GetPrvKey;
        CRYPT_RSA_GetPrvKeyEx;
        CRYPT_RSA_GetPubKey;
        CRYPT_RSA_GetPubKeyEx;
        CRYPT_RSA_GetSecBits;
        CRYPT_RSA_GetSignLen;
        CRYPT_RSA_NewCtx;
        CRYPT_RSA_NewCtxEx;
        CRYPT_RSA_NewPara;
        CRYPT_RSA_PrvDec;
        CRYPT_RSA_PubEnc;
        CRYPT_RSA_Recover;
        CRYPT_RSA_SetIso9796_2;
        CRYPT_RSA_SetPara;
        CRYPT_RSA_SetParaEx;
        CRYPT_RSA_SetPkcs1Oaep;
        CRYPT_RSA_SetPkcsV15Type1;
        CRYPT_RSA_SetPkcsV15Type2;
        CRYPT_RSA_SetPrvKey;
        CRYPT_RSA_SetPrvKeyEx;
        CRYPT_RSA_SetPss;
        CRYPT_RSA_SetPubKey;
        CRYPT_RSA_SetPubKeyEx;
        CRYPT_RSA_Sign;
        CRYPT_RSA_SignData;
        CRYPT_RSA_UnPackPkcsV15Type1;
        CRYPT_RSA_Verify;
        CRYPT_RSA_VerifyData;
        CRYPT_RSA_VerifyIso9796_2;
        CRYPT_RSA_VerifyPkcs1Oaep;
        CRYPT_RSA_VerifyPkcsV15Type1;
        CRYPT_RSA_VerifyPkcsV15Type2;
        CRYPT_RSA_VerifyPkcsV15Type2TLS;
        CRYPT_RSA_VerifyPss;
        CRYPT_Rand;
        CRYPT_RandEx;
        CRYPT_RandRegist;
        CRYPT_RandRegistEx;
        CRYPT_RandRegistExGet;
        CRYPT_RandRegistGet;
        CRYPT_SHA1_CopyCtx;
        CRYPT_SHA1_Deinit;
        CRYPT_SHA1_DupCtx;
        CRYPT_SHA1_Final;
        CRYPT_SHA1_FreeCtx;
        CRYPT_SHA1_Init;
        CRYPT_SHA1_InitEx;
        CRYPT_SHA1_NewCtx;
        CRYPT_SHA1_NewCtxEx;
        CRYPT_SHA1_Update;
        CRYPT_SHA256_MB;
        CRYPT_SHA256_MBFinal;
        CRYPT_SHA256_MBFreeCtx;
        CRYPT_SHA256_MBInit;
        CRYPT_SHA256_MBNewCtx;
        CRYPT_SHA256_MBUpdate;
        CRYPT_SHA256x2;
        CRYPT_SHA256x2_Compress;
        CRYPT_SHA2_224_Init;
        CRYPT_SHA2_224_InitEx;
        CRYPT_SHA2_256_CopyCtx;
        CRYPT_SHA2_256_Deinit;
        CRYPT_SHA2_256_DupCtx;
        CRYPT_SHA2_256_Final;
        CRYPT_SHA2_256_FreeCtx;
        CRYPT_SHA2_256_Init;
        CRYPT_SHA2_256_InitEx;
        CRYPT_SHA2_256_NewCtx;
        CRYPT_SHA2_256_NewCtxEx;
        CRYPT_SHA2_256_Update;
        CRYPT_SHA2_384_Init;
        CRYPT_SHA2_384_InitEx;
        CRYPT_SHA2_512_CopyCtx;
        CRYPT_SHA2_512_Deinit;
        CRYPT_SHA2_512_DupCtx;
        CRYPT_SHA2_512_Final;
        CRYPT_SHA2_512_FreeCtx;
        CRYPT_SHA2_512_Init;
        CRYPT_SHA2_512_InitEx;
        CRYPT_SHA2_512_NewCtx;
        CRYPT_SHA2_512_NewCtxEx;
        CRYPT_SHA2_512_Update;
        CRYPT_SHA3_224_Init;
        CRYPT_SHA3_224_InitEx;
        CRYPT_SHA3_256_Init;
        CRYPT_SHA3_256_InitEx;
        CRYPT_SHA3_384_Init;
        CRYPT_SHA3_384_InitEx;
        CRYPT_SHA3_512_Init;
        CRYPT_SHA3_512_InitEx;
        CRYPT_SHA3_CopyCtx;
        CRYPT_SHA3_Deinit;
        CRYPT_SHA3_DupCtx;
        CRYPT_SHA3_Final;
        CRYPT_SHA3_FreeCtx;
        CRYPT_SHA3_NewCtx;
        CRYPT_SHA3_NewCtxEx;
        CRYPT_SHA3_Squeeze;
        CRYPT_SHA3_Update;
        CRYPT_SHAKE128_Init;
        CRYPT_SHAKE128_InitEx;
        CRYPT_SHAKE256_Init;
        CRYPT_SHAKE256_InitEx;
        CRYPT_SLH_DSA_Check;
        CRYPT_SLH_DSA_Ctrl;
        CRYPT_SLH_DSA_DupCtx;
        CRYPT_SLH_DSA_FreeCtx;
        CRYPT_SLH_DSA_Gen;
        CRYPT_SLH_DSA_GetPrvKey;
        CRYPT_SLH_DSA_GetPrvKeyEx;
        CRYPT_SLH_DSA_GetPubKey;
        CRYPT_SLH_DSA_GetPubKeyEx;
        CRYPT_SLH_DSA_NewCtx;
        CRYPT_SLH_DSA_SetPrvKey;
        CRYPT_SLH_DSA_SetPrvKeyEx;
        CRYPT_SLH_DSA_SetPubKey;
        CRYPT_SLH_DSA_SetPubKeyEx;
        CRYPT_SLH_DSA_Sign;
        CRYPT_SLH_DSA_Verify;
        CRYPT_SM2_Check;
        CRYPT_SM2_Ctrl;
        CRYPT_SM2_Decrypt;
        CRYPT_SM2_DupCtx;
        CRYPT_SM2_Encrypt;
        CRYPT_SM2_FreeCtx;
        CRYPT_SM2_Gen;
        CRYPT_SM2_GetBits;
        CRYPT_SM2_GetPrvKey;
        CRYPT_SM2_GetPrvKeyEx;
        CRYPT_SM2_GetPubKey;
        CRYPT_SM2_GetPubKeyEx;
        CRYPT_SM2_GetSecBits;
        CRYPT_SM2_GetSignLen;
        CRYPT_SM2_KapComputeKey;
        CRYPT_SM2_NewCtx;
        CRYPT_SM2_NewCtxEx;
        CRYPT_SM2_SetPrvKey;
        CRYPT_SM2_SetPrvKeyEx;
        CRYPT_SM2_SetPubKey;
        CRYPT_SM2_SetPubKeyEx;
        CRYPT_SM2_Sign;
        CRYPT_SM2_SignData;
        CRYPT_SM2_Verify;
        CRYPT_SM2_VerifyData;
        CRYPT_SM3_CopyCtx;
        CRYPT_SM3_Deinit;
        CRYPT_SM3_DupCtx;
        CRYPT_SM3_Final;
        CRYPT_SM3_FreeCtx;
        CRYPT_SM3_Init;
        CRYPT_SM3_InitEx;
        CRYPT_SM3_NewCtx;
        CRYPT_SM3_NewCtxEx;
        CRYPT_SM3_Update;
        CRYPT_SM4_CBC_Decrypt;
        CRYPT_SM4_CBC_Encrypt;
        CRYPT_SM4_CTR_Decrypt;
        CRYPT_SM4_CTR_Encrypt;
        CRYPT_SM4_Clean;
        CRYPT_SM4_Decrypt;
        CRYPT_SM4_Encrypt;
        CRYPT_SM4_SetDecryptKey;
        CRYPT_SM4_SetEncryptKey;
        CRYPT_SM4_SetKey;
        CRYPT_SM4_XTS_Clean;
        CRYPT_SetSignMdCtrl;
        CRYPT_X25519_GenKey;
        CRYPT_X25519_NewCtx;
        CRYPT_X25519_NewCtxEx;
        CRYPT_X25519_PublicFromPrivate;
        CRYPT_XMSS_Check;
        CRYPT_XMSS_Ctrl;
        CRYPT_XMSS_DupCtx;
        CRYPT_XMSS_FreeCtx;
        CRYPT_XMSS_Gen;
        CRYPT_XMSS_GetPrvKey;
        CRYPT_XMSS_GetPubKey;
        CRYPT_XMSS_InitInternal;
        CRYPT_XMSS_KeyGenInternal;
        CRYPT_XMSS_NewCtx;
        CRYPT_XMSS_NewCtxEx;
        CRYPT_XMSS_SetPrvKey;
        CRYPT_XMSS_SetPubKey;
        CRYPT_XMSS_Sign;
        CRYPT_XMSS_SignInternal;
        CRYPT_XMSS_Verify;
        CRYPT_XMSS_VerifyInternal;
        DRBG_CtrDup;
        DRBG_CtrFree;
        DRBG_CtrGenerate;
        DRBG_CtrInstantiate;
        DRBG_CtrReseed;
        DRBG_CtrUnInstantiate;
        DRBG_CtrUpdate;
        DRBG_Ctrl;
        DRBG_Free;
        DRBG_Generate;
        DRBG_GenerateBytes;
        DRBG_GenerateBytesWrapper;
        DRBG_GetIdMap;
        DRBG_HashDup;
        DRBG_HashFree;
        DRBG_HashGenerate;
        DRBG_HashInstantiate;
        DRBG_HashReseed;
        DRBG_HashUnInstantiate;
        DRBG_HmacDup;
        DRBG_HmacFree;
        DRBG_HmacGenerate;
        DRBG_HmacInstantiate;
        DRBG_HmacReseed;
        DRBG_HmacUnInstantiate;
        DRBG_Instantiate;
        DRBG_InstantiateWrapper;
        DRBG_New;
        DRBG_NewCtrCtx;
        DRBG_NewEx;
        DRBG_NewHashCtx;
        DRBG_NewHmacCtx;
        DRBG_ReSeedWrapper;
        DRBG_Reseed;
        DRBG_Uninstantiate;
        EAL_CipherFindMethod;
        EAL_DrbgSeedWithAdin;
        EAL_DrbgbytesWithAdin;
        EAL_EntropyCollection;
        EAL_EntropyDetachBuf;
        EAL_EntropyFreeCtx;
        EAL_EntropyGetECF;
        EAL_EntropyNewCtx;
        EAL_EventReport;
        EAL_FindConstParam;
        EAL_FindModeMethod;
        EAL_FindParam;
        EAL_GetCipherInfo;
        EAL_GetDefaultSeed;
        EAL_GetSymMethod;
        EAL_KdfFindMethod;
        EAL_MacFindDefaultMethod;
        EAL_MacFindDepMethod;
        EAL_MacFindMethod;
        EAL_MacFindMethodEx;
        EAL_Md;
        EAL_MdFindDefaultMethod;
        EAL_MdFindMbMethod;
        EAL_MdFindMethod;
        EAL_MdFindMethodEx;
        EAL_RandDeinit;
        EAL_RandDrbgFree;
        EAL_RandGetMethod;
        EAL_SeedDrbgDeinit;
        EAL_SeedDrbgEntropyMeth;
        EAL_SeedDrbgInit;
        EAL_SeedDrbgLockDeInit;
        EAL_SeedDrbgLockInit;
        EAL_SeedDrbgRandDeinit;
        EAL_SetDefaultEntropyMeth;
        ECC_CopyPoint;
        ECC_DecodePoint;
        ECC_DupCtx;
        ECC_DupPara;
        ECC_DupPoint;
        ECC_EncodePoint;
        ECC_FindMethod;
        ECC_FreeCtx;
        ECC_FreePara;
        ECC_FreePoint;
        ECC_GenPublicKey;
        ECC_GetEncodeDataLen;
        ECC_GetGFromPara;
        ECC_GetPara;
        ECC_GetParaA;
        ECC_GetParaB;
        ECC_GetParaEx;
        ECC_GetParaH;
        ECC_GetParaId;
        ECC_GetParaN;
        ECC_GetParaX;
        ECC_GetParaY;
        ECC_GetPoint;
        ECC_GetPoint2Bn;
        ECC_GetPointDataX;
        ECC_GetSecBits;
        ECC_ModOrderInv;
        ECC_NewPara;
        ECC_NewPoint;
        ECC_ParaBits;
        ECC_PkeyCheck;
        ECC_PkeyCtrl;
        ECC_PkeyGen;
        ECC_PkeyGetBits;
        ECC_PkeyGetPrvKey;
        ECC_PkeyGetPrvKeyEx;
        ECC_PkeyGetPubKey;
        ECC_PkeyGetPubKeyEx;
        ECC_PkeyNewCtx;
        ECC_PkeySetPrvKey;
        ECC_PkeySetPrvKeyEx;
        ECC_PkeySetPubKey;
        ECC_PkeySetPubKeyEx;
        ECC_Point2Affine;
        ECC_PointAddAffine;
        ECC_PointBlind;
        ECC_PointCheck;
        ECC_PointCmp;
        ECC_PointFromMont;
        ECC_PointMul;
        ECC_PointMulAdd;
        ECC_PointToMont;
        ECC_ReCodeFree;
        ECC_ReCodeK;
        ECC_SetLibCtx;
        ECC_SetPara;
        ECP224_Point2Affine;
        ECP224_PointMul;
        ECP224_PointMulAdd;
        ECP256_AddAffine;
        ECP256_FromMont;
        ECP256_Gatherw5;
        ECP256_Gatherw7;
        ECP256_GetPreCompTable;
        ECP256_ModOrderInv;
        ECP256_Mul;
        ECP256_Neg;
        ECP256_OrdMul;
        ECP256_OrdSqr;
        ECP256_Point2Affine;
        ECP256_PointAdd;
        ECP256_PointDouble;
        ECP256_PointMul;
        ECP256_PointMulAdd;
        ECP256_Scatterw5;
        ECP256_Scatterw7;
        ECP256_Sqr;
        ECP521_Point2Affine;
        ECP521_PointMul;
        ECP521_PointMulAdd;
        ECP_GetEncodeDataLen;
        ECP_HalfPGet;
        ECP_ModOrderInv;
        ECP_NistPointAdd;
        ECP_NistPointAddAffine;
        ECP_NistPointDouble;
        ECP_NistPointMultDouble;
        ECP_Point2Affine;
        ECP_Point2AffineMont;
        ECP_Point2AffineWithInv;
        ECP_PointAtInfinity;
        ECP_PointCopy;
        ECP_PointInvertAtAffine;
        ECP_PointMul;
        ECP_PointMulAdd;
        ECP_PointMulAddParaCheck;
        ECP_PointMulFast;
        ECP_PointMulMont;
        ECP_PointOnCurve;
        ECP_PrimePointAddAffineMont;
        ECP_PrimePointAddMont;
        ECP_PrimePointDoubleMont;
        ECP_PrimePointMultDoubleMont;
        ECP_Sm2AddModOrd;
        ECP_Sm2AddModP;
        ECP_Sm2BnAdd;
        ECP_Sm2BnSub;
        ECP_Sm2Div2;
        ECP_Sm2Div2ModOrd;
        ECP_Sm2Div2ModP;
        ECP_Sm2Div4;
        ECP_Sm2Div4ModOrd;
        ECP_Sm2Div4ModP;
        ECP_Sm2FromMont;
        ECP_Sm2GetAffine;
        ECP_Sm2Mul;
        ECP_Sm2Neg;
        ECP_Sm2OrderInv;
        ECP_Sm2Point2Affine;
        ECP_Sm2PointAddAffine;
        ECP_Sm2PointAddAffineMont;
        ECP_Sm2PointAddMont;
        ECP_Sm2PointDouble;
        ECP_Sm2PointDoubleMont;
        ECP_Sm2PointMul;
        ECP_Sm2PointMulAdd;
        ECP_Sm2PointMulFast;
        ECP_Sm2Precomputed;
        ECP_Sm2Sqr;
        ECP_Sm2SubModOrd;
        ECP_Sm2SubModP;
        ECP_Sm2ToMont;
        ENTROPY_GetFullEntropyInput;
        ENTROPY_HWEntropyGet;
        ENTROPY_SeedPoolAddEs;
        ENTROPY_SeedPoolCheckState;
        ENTROPY_SeedPoolCollect;
        ENTROPY_SeedPoolFree;
        ENTROPY_SeedPoolGetMinEntropy;
        ENTROPY_SeedPoolNew;
        ENTROPY_SysEntropyGet;
        MLDSA_CalPub;
        MLDSA_ComputesINVNTT;
        MLDSA_ComputesNTT;
        MLDSA_KeyConsistenceCheck;
        MLDSA_KeyGenInternal;
        MLDSA_SignInternal;
        MLDSA_VerifyInternal;
        MLKEM_ComputINTT;
        MLKEM_ComputNTT;
        MLKEM_ComputeMulCache;
        MLKEM_CreateMatrixBuf;
        MLKEM_DecapsInternal;
        MLKEM_DecodeDk;
        MLKEM_DecodeEk;
        MLKEM_EncapsInternal;
        MLKEM_KeyGenInternal;
        MLKEM_MatrixMulAdd;
        MLKEM_SamplePolyCBD;
        MLKEM_TransposeMatrixMulAdd;
        MLKEM_VectorInnerProductAdd;
        MLKEM_VectorInnerProductAddUseCache;
        MODES_AeadCheckTag;
        MODES_BlockPadding;
        MODES_BlockUnPadding;
        MODES_CBC_Ctrl;
        MODES_CBC_DeInitCtx;
        MODES_CBC_Decrypt;
        MODES_CBC_Encrypt;
        MODES_CBC_Final;
        MODES_CBC_FinalEx;
        MODES_CBC_FreeCtx;
        MODES_CBC_InitCtx;
        MODES_CBC_InitCtxEx;
        MODES_CBC_Update;
        MODES_CBC_UpdateEx;
        MODES_CCM_Ctrl;
        MODES_CCM_DeInitCtx;
        MODES_CCM_Decrypt;
        MODES_CCM_DupCtx;
        MODES_CCM_Encrypt;
        MODES_CCM_Final;
        MODES_CCM_FreeCtx;
        MODES_CCM_InitCtx;
        MODES_CCM_NewCtx;
        MODES_CCM_NewCtxEx;
        MODES_CCM_Update;
        MODES_CCM_UpdateEx;
        MODES_CHACHA20POLY1305_Ctrl;
        MODES_CHACHA20POLY1305_DeInitCtx;
        MODES_CHACHA20POLY1305_Decrypt;
        MODES_CHACHA20POLY1305_DupCtx;
        MODES_CHACHA20POLY1305_Encrypt;
        MODES_CHACHA20POLY1305_Final;
        MODES_CHACHA20POLY1305_FreeCtx;
        MODES_CHACHA20POLY1305_InitCtx;
        MODES_CHACHA20POLY1305_NewCtx;
        MODES_CHACHA20POLY1305_NewCtxEx;
        MODES_CHACHA20POLY1305_SetDecryptKey;
        MODES_CHACHA20POLY1305_SetEncryptKey;
        MODES_CHACHA20POLY1305_Update;
        MODES_CipherCtrl;
        MODES_CipherDeInitCtx;
        MODES_CipherDupCtx;
        MODES_CipherFinal;
        MODES_CipherFreeCtx;
        MODES_CipherInitCommonCtx;
        MODES_CipherInitCtx;
        MODES_CipherNewCtx;
        MODES_CipherNewCtxEx;
        MODES_CipherStreamProcess;
        MODES_CipherUpdate;
        MODES_Clean;
        MODES_ClearVfyTag;
        MODES_GCM_Ctrl;
        MODES_GCM_DeInitCtx;
        MODES_GCM_Decrypt;
        MODES_GCM_DupCtx;
        MODES_GCM_Encrypt;
        MODES_GCM_Final;
        MODES_GCM_FreeCtx;
        MODES_GCM_InitCtx;
        MODES_GCM_InitCtxEx;
        MODES_GCM_InitHashTable;
        MODES_GCM_LastHandle;
        MODES_GCM_NewCtx;
        MODES_GCM_NewCtxEx;
        MODES_GCM_SetIv;
        MODES_GCM_SetKey;
        MODES_GCM_Update;
        MODES_GCM_UpdateEx;
        MODES_GetIv;
        MODES_SM4_GCM_DecryptBlock;
        MODES_SM4_GCM_EncryptBlock;
        MODES_SM4_GCM_SetKey;
        MODES_SM4_SetDecryptKey;
        MODES_SM4_SetEncryptKey;
        MODES_SetDecryptKey;
        MODES_SetEncryptKey;
        MODES_SetIv;
        MODES_SetPaddingCheck;
        MODES_SetVfyTag;
        MODE_NewCtxInternal;
        MODE_SM4_CBC_Decrypt;
        MODE_SM4_CBC_Encrypt;
    local:
        *;
};
