# This file is part of the openHiTLS project.
#
# openHiTLS is licensed under the Mulan PSL v2.
# You can use this software according to the terms and conditions of the Mulan PSL v2.
# You may obtain a copy of Mulan PSL v2 at:
#
#     http://license.coscl.org.cn/MulanPSL2
#
# THIS SOFTWARE IS PROVIDED ON AN "AS IS" BASIS, WITHOUT WARRANTIES OF ANY KIND,
# EITHER EXPRESS OR IMPLIED, INCLUDING BUT NOT LIMITED TO NON-INFRINGEMENT,
# MERCHANTABILITY OR FIT FOR A PARTICULAR PURPOSE.
# See the Mulan PSL v2 for more details.

# Version script (equivalent to gcc's -Wl,--version-script) in whitelist mode.
# Exported symbols mirror the full export surface of the built shared library
# (all symbols reported by nm -D) plus header-declared interfaces, so the
# export set stays identical to before version_script was introduced.
{
    global:
        ALERT_CleanInfo;
        ALERT_ClearWarnCount;
        ALERT_Deinit;
        ALERT_Flush;
        ALERT_GetFlag;
        ALERT_GetInfo;
        ALERT_HaveExceeded;
        ALERT_Init;
        ALERT_Send;
        APP_GetMaxWriteSize;
        APP_GetReadPendingBytes;
        APP_Read;
        APP_Write;
        CCS_Ctrl;
        CCS_DeInit;
        CCS_Init;
        CCS_IsRecv;
        CCS_Send;
        CFG_CheckCipherSuiteSupported;
        CFG_CheckCipherSuiteVersion;
        CFG_CleanConfig;
        CFG_GetCertTypeByCipherSuite;
        CFG_GetCipherSuiteInfo;
        CFG_GetEcdsaCurveNameBySchemes;
        CFG_GetSignParamBySchemes;
        CONN_Deinit;
        CONN_Init;
        CRYPT_DEFAULT_CalcSM2SharedSecret;
        CRYPT_DEFAULT_Decrypt;
        CRYPT_DEFAULT_DhCalcSharedSecret;
        CRYPT_DEFAULT_Digest;
        CRYPT_DEFAULT_DigestInit;
        CRYPT_DEFAULT_EcdhCalcSharedSecret;
        CRYPT_DEFAULT_Encrypt;
        CRYPT_DEFAULT_GenerateEcdhKey;
        CRYPT_DEFAULT_HMAC;
        CRYPT_DEFAULT_HMAC_Init;
        CRYPT_DEFAULT_HkdfExpand;
        CRYPT_DEFAULT_HkdfExtract;
        HITLS_Accept;
        HITLS_BuildCertChain;
        HITLS_CERT_DeinitMgrMethod;
        HITLS_CERT_GetMgrMethod;
        HITLS_CERT_RegisterMgrMethod;
        HITLS_CFG_AddCertToStore;
        HITLS_CFG_AddChainCert;
        HITLS_CFG_AddExtraChainCert;
        HITLS_CFG_BuildCertChain;
        HITLS_CFG_CheckPrivateKey;
        HITLS_CFG_ClearChainCerts;
        HITLS_CFG_ClearExtraChainCerts;
        HITLS_CFG_ClearVerifyCrls;
        HITLS_CFG_CtrlGetVerifyParams;
        HITLS_CFG_CtrlSetVerifyParams;
        HITLS_CFG_FreeCert;
        HITLS_CFG_FreeConfig;
        HITLS_CFG_FreeKey;
        HITLS_CFG_GetAuthId;
        HITLS_CFG_GetCertStore;
        HITLS_CFG_GetCertificate;
        HITLS_CFG_GetChainCerts;
        HITLS_CFG_GetChainStore;
        HITLS_CFG_GetCheckPriKeyCb;
        HITLS_CFG_GetCipherByID;
        HITLS_CFG_GetCipherId;
        HITLS_CFG_GetCipherServerPreference;
        HITLS_CFG_GetCipherSuite;
        HITLS_CFG_GetCipherSuiteByStdName;
        HITLS_CFG_GetCipherSuiteName;
        HITLS_CFG_GetCipherSuiteStdName;
        HITLS_CFG_GetCipherVersion;
        HITLS_CFG_GetClientOnceVerifySupport;
        HITLS_CFG_GetClientVerifySupport;
        HITLS_CFG_GetConfigUserData;
        HITLS_CFG_GetDefaultPasswordCb;
        HITLS_CFG_GetDefaultPasswordCbUserdata;
        HITLS_CFG_GetDescription;
        HITLS_CFG_GetDhAutoSupport;
        HITLS_CFG_GetEmptyRecordsNum;
        HITLS_CFG_GetEncryptThenMac;
        HITLS_CFG_GetExtendedMasterSecretMode;
        HITLS_CFG_GetExtendedMasterSecretSupport;
        HITLS_CFG_GetExtraChainCerts;
        HITLS_CFG_GetHashId;
        HITLS_CFG_GetKeyExchId;
        HITLS_CFG_GetMacId;
        HITLS_CFG_GetMaxCertList;
        HITLS_CFG_GetMaxVersion;
        HITLS_CFG_GetMinVersion;
        HITLS_CFG_GetNoClientCertSupport;
        HITLS_CFG_GetPrivateKey;
        HITLS_CFG_GetQuietShutdown;
        HITLS_CFG_GetReadAhead;
        HITLS_CFG_GetRecordPaddingCb;
        HITLS_CFG_GetRecordPaddingCbArg;
        HITLS_CFG_GetVerifyCb;
        HITLS_CFG_GetVerifyDepth;
        HITLS_CFG_GetVerifyNoneSupport;
        HITLS_CFG_GetVerifyStore;
        HITLS_CFG_GetVersionSupport;
        HITLS_CFG_LoadCertBuffer;
        HITLS_CFG_LoadCertFile;
        HITLS_CFG_LoadCrlBuffer;
        HITLS_CFG_LoadCrlFile;
        HITLS_CFG_LoadDefaultCAPath;
        HITLS_CFG_LoadKeyBuffer;
        HITLS_CFG_LoadKeyFile;
        HITLS_CFG_LoadVerifyBuffer;
        HITLS_CFG_LoadVerifyDir;
        HITLS_CFG_LoadVerifyFile;
        HITLS_CFG_NewTLCPConfig;
        HITLS_CFG_NewTLSConfig;
        HITLS_CFG_ParseCert;
        HITLS_CFG_ParseKey;
        HITLS_CFG_ProviderLoadKeyBuffer;
        HITLS_CFG_ProviderLoadKeyFile;
        HITLS_CFG_ProviderNewTLCPConfig;
        HITLS_CFG_ProviderNewTLSConfig;
        HITLS_CFG_ProviderParseKey;
        HITLS_CFG_RemoveCertAndKey;
        HITLS_CFG_SetCertStore;
        HITLS_CFG_SetCertVerifyCb;
        HITLS_CFG_SetCertificate;
        HITLS_CFG_SetChainStore;
        HITLS_CFG_SetCheckKeyUsage;
        HITLS_CFG_SetCheckPriKeyCb;
        HITLS_CFG_SetCipherServerPreference;
        HITLS_CFG_SetCipherSuites;
        HITLS_CFG_SetClientOnceVerifySupport;
        HITLS_CFG_SetClientVerifySupport;
        HITLS_CFG_SetConfigUserData;
        HITLS_CFG_SetConfigUserDataFreeCb;
        HITLS_CFG_SetCurrentCert;
        HITLS_CFG_SetDefaultPasswordCb;
        HITLS_CFG_SetDefaultPasswordCbUserdata;
        HITLS_CFG_SetDhAutoSupport;
        HITLS_CFG_SetEcPointFormats;
        HITLS_CFG_SetEmptyRecordsNum;
        HITLS_CFG_SetEncryptThenMac;
        HITLS_CFG_SetEndPoint;
        HITLS_CFG_SetExtendedMasterSecretMode;
        HITLS_CFG_SetExtendedMasterSecretSupport;
        HITLS_CFG_SetGroupList;
        HITLS_CFG_SetGroups;
        HITLS_CFG_SetLegacyRenegotiateSupport;
        HITLS_CFG_SetMaxCertList;
        HITLS_CFG_SetNoClientCertSupport;
        HITLS_CFG_SetPrivateKey;
        HITLS_CFG_SetQuietShutdown;
        HITLS_CFG_SetReadAhead;
        HITLS_CFG_SetRecordPaddingCb;
        HITLS_CFG_SetRecordPaddingCbArg;
        HITLS_CFG_SetRenegotiationSupport;
        HITLS_CFG_SetSignature;
        HITLS_CFG_SetTlcpCertificate;
        HITLS_CFG_SetTlcpPrivateKey;
        HITLS_CFG_SetTmpDh;
        HITLS_CFG_SetTmpDhCb;
        HITLS_CFG_SetVerifyCb;
        HITLS_CFG_SetVerifyDepth;
        HITLS_CFG_SetVerifyNoneSupport;
        HITLS_CFG_SetVerifyStore;
        HITLS_CFG_SetVersion;
        HITLS_CFG_SetVersionForbid;
        HITLS_CFG_SetVersionSupport;
        HITLS_CFG_UpRef;
        HITLS_CFG_UseCertificateChainBuffer;
        HITLS_CFG_UseCertificateChainFile;
        HITLS_CRYPT_CalcSM2SharedSecret;
        HITLS_CRYPT_CipherFree;
        HITLS_CRYPT_Decrypt;
        HITLS_CRYPT_DhCalcSharedSecret;
        HITLS_CRYPT_Digest;
        HITLS_CRYPT_DigestCopy;
        HITLS_CRYPT_DigestFinal;
        HITLS_CRYPT_DigestFree;
        HITLS_CRYPT_DigestInit;
        HITLS_CRYPT_DigestSize;
        HITLS_CRYPT_DigestUpdate;
        HITLS_CRYPT_DupKey;
        HITLS_CRYPT_EcdhCalcSharedSecret;
        HITLS_CRYPT_Encrypt;
        HITLS_CRYPT_FreeKey;
        HITLS_CRYPT_GenerateEcdhKey;
        HITLS_CRYPT_GetPubKey;
        HITLS_CRYPT_HMAC;
        HITLS_CRYPT_HMAC_Final;
        HITLS_CRYPT_HMAC_Free;
        HITLS_CRYPT_HMAC_Init;
        HITLS_CRYPT_HMAC_ReInit;
        HITLS_CRYPT_HMAC_Update;
        HITLS_CRYPT_HkdfExpand;
        HITLS_CRYPT_HkdfExtract;
        HITLS_CRYPT_PRF;
        HITLS_CRYPT_RegisterBaseMethod;
        HITLS_CRYPT_RegisterDhMethod;
        HITLS_CRYPT_RegisterEcdhMethod;
        HITLS_CertMethodDeinit;
        HITLS_CertMethodInit;
        HITLS_CheckPrivateKey;
        HITLS_Clear;
        HITLS_ClearChainCerts;
        HITLS_ClearVerifyCrls;
        HITLS_Close;
        HITLS_Connect;
        HITLS_CryptMethodInit;
        HITLS_CtrlGetVerifyParams;
        HITLS_CtrlSetVerifyParams;
        HITLS_DoHandShake;
        HITLS_Flush;
        HITLS_Free;
        HITLS_GetCertStore;
        HITLS_GetCertificate;
        HITLS_GetChainStore;
        HITLS_GetCipherServerPreference;
        HITLS_GetClientOnceVerifySupport;
        HITLS_GetClientVerifySupport;
        HITLS_GetConfig;
        HITLS_GetDefaultPasswordCb;
        HITLS_GetDefaultPasswordCbUserdata;
        HITLS_GetEmptyRecordsNum;
        HITLS_GetEncryptThenMac;
        HITLS_GetError;
        HITLS_GetErrorCode;
        HITLS_GetExtendedMasterSecretMode;
        HITLS_GetExtendedMasterSecretSupport;
        HITLS_GetGlobalConfig;
        HITLS_GetHandShakeState;
        HITLS_GetMaxCertList;
        HITLS_GetMaxProtoVersion;
        HITLS_GetMaxWriteSize;
        HITLS_GetMinProtoVersion;
        HITLS_GetNoClientCertSupport;
        HITLS_GetOutPendingSize;
        HITLS_GetPrivateKey;
        HITLS_GetQuietShutdown;
        HITLS_GetReadPendingBytes;
        HITLS_GetReadUio;
        HITLS_GetRecordPaddingCb;
        HITLS_GetRecordPaddingCbArg;
        HITLS_GetRwstate;
        HITLS_GetShutdownState;
        HITLS_GetStateString;
        HITLS_GetUio;
        HITLS_GetUserData;
        HITLS_GetVerifyCb;
        HITLS_GetVerifyDepth;
        HITLS_GetVerifyNoneSupport;
        HITLS_GetVerifyResult;
        HITLS_GetVerifyStore;
        HITLS_GetVersionSupport;
        HITLS_IsBeforeHandShake;
        HITLS_IsClient;
        HITLS_IsHandShakeDone;
        HITLS_IsHandShaking;
        HITLS_IsServer;
        HITLS_LoadCertBuffer;
        HITLS_LoadCertFile;
        HITLS_LoadCrlBuffer;
        HITLS_LoadCrlFile;
        HITLS_LoadKeyBuffer;
        HITLS_LoadKeyFile;
        HITLS_LoadVerifyBuffer;
        HITLS_New;
        HITLS_Peek;
        HITLS_ProviderLoadKeyBuffer;
        HITLS_ProviderLoadKeyFile;
        HITLS_Read;
        HITLS_ReadHasPending;
        HITLS_RemoveCertAndKey;
        HITLS_SetCertStore;
        HITLS_SetCertificate;
        HITLS_SetChainStore;
        HITLS_SetCheckKeyUsage;
        HITLS_SetCipherServerPreference;
        HITLS_SetCipherSuites;
        HITLS_SetClientOnceVerifySupport;
        HITLS_SetClientVerifySupport;
        HITLS_SetCurrentCert;
        HITLS_SetDefaultPasswordCb;
        HITLS_SetDefaultPasswordCbUserdata;
        HITLS_SetDhAutoSupport;
        HITLS_SetEcGroups;
        HITLS_SetEcPointFormats;
        HITLS_SetEmptyRecordsNum;
        HITLS_SetEncryptThenMac;
        HITLS_SetEndPoint;
        HITLS_SetErrorCode;
        HITLS_SetExtendedMasterSecretMode;
        HITLS_SetExtendedMasterSecretSupport;
        HITLS_SetGroupList;
        HITLS_SetLegacyRenegotiateSupport;
        HITLS_SetMaxCertList;
        HITLS_SetMaxProtoVersion;
        HITLS_SetMinProtoVersion;
        HITLS_SetNoClientCertSupport;
        HITLS_SetPrivateKey;
        HITLS_SetQuietShutdown;
        HITLS_SetRecordPaddingCb;
        HITLS_SetRecordPaddingCbArg;
        HITLS_SetRenegotiationSupport;
        HITLS_SetShutdownState;
        HITLS_SetSigalgsList;
        HITLS_SetTmpDh;
        HITLS_SetTmpDhCb;
        HITLS_SetUio;
        HITLS_SetUserData;
        HITLS_SetVerifyCb;
        HITLS_SetVerifyDepth;
        HITLS_SetVerifyNoneSupport;
        HITLS_SetVerifyResult;
        HITLS_SetVerifyStore;
        HITLS_SetVersion;
        HITLS_SetVersionForbid;
        HITLS_SetVersionSupport;
        HITLS_UseCertificateChainBuffer;
        HITLS_UseCertificateChainFile;
        HITLS_Write;
        HITLS_X509_Adapt_BuildCertChain;
        HITLS_X509_Adapt_BundleCertParse;
        HITLS_X509_Adapt_CertCtrl;
        HITLS_X509_Adapt_CertEncode;
        HITLS_X509_Adapt_CertParse;
        HITLS_X509_Adapt_CertRef;
        HITLS_X509_Adapt_CheckPrivateKey;
        HITLS_X509_Adapt_CreateSign;
        HITLS_X509_Adapt_CrlFree;
        HITLS_X509_Adapt_CrlParse;
        HITLS_X509_Adapt_Decrypt;
        HITLS_X509_Adapt_Encrypt;
        HITLS_X509_Adapt_KeyCtrl;
        HITLS_X509_Adapt_KeyDup;
        HITLS_X509_Adapt_KeyFree;
        HITLS_X509_Adapt_KeyParse;
        HITLS_X509_Adapt_StoreCtrl;
        HITLS_X509_Adapt_StoreDup;
        HITLS_X509_Adapt_VerifyCertChain;
        HITLS_X509_Adapt_VerifySign;
        HS_ChangeState;
        HS_CheckCertInfo;
        HS_CheckReceivedExtension;
        HS_CleanMsg;
        HS_CombineRandom;
        HS_DeInit;
        HS_DoHandshake;
        HS_GenerateMasterSecret;
        HS_GetCryptLength;
        HS_GetExtensionTypeId;
        HS_GetMsgTypeStr;
        HS_GetState;
        HS_GetStateStr;
        HS_GrowMsgBuf;
        HS_Init;
        HS_KeyEstablish;
        HS_KeyExchCtxFree;
        HS_KeyExchCtxNew;
        HS_MaxMessageSize;
        HS_PackMsg;
        HS_ParseMsg;
        HS_ParseMsgHeader;
        HS_PrepareSignData;
        HS_PrepareSignDataTlcp;
        HS_ProcessClientKxMsgEcdhe;
        HS_ProcessClientKxMsgSm2;
        HS_ProcessServerKxMsgEcdhe;
        HS_ReSizeMsgBuf;
        HS_RecvMsgProcess;
        HS_SelectCertByInfo;
        HS_SendMsg;
        HS_SendMsgProcess;
        HS_SetInitPendingStateParam;
        HS_SignScheme2CertKeyType;
        REC_ActivePendingState;
        REC_DeInit;
        REC_GetMaxWriteSize;
        REC_GetOutBufPendingSize;
        REC_GetUnexpectedMsgType;
        REC_HaveReadSuiteInfo;
        REC_Init;
        REC_InitPendingState;
        REC_OutBufFlush;
        REC_Read;
        REC_ReadHasPending;
        REC_RecOutBufReSet;
        REC_Write;
        SAL_CERT_AddChainCert;
        SAL_CERT_AddExtraChainCert;
        SAL_CERT_BuildChain;
        SAL_CERT_ChainAppend;
        SAL_CERT_ChainDup;
        SAL_CERT_ChainFree;
        SAL_CERT_ChainNew;
        SAL_CERT_CheckCertKeyUsage;
        SAL_CERT_CheckPrivateKey;
        SAL_CERT_ClearCertAndKey;
        SAL_CERT_ClearCurrentChainCerts;
        SAL_CERT_ClearExtraChainCerts;
        SAL_CERT_ClntGmEncodeEncCert;
        SAL_CERT_CreateSign;
        SAL_CERT_CrlFree;
        SAL_CERT_CrlParse;
        SAL_CERT_CtrlVerifyParams;
        SAL_CERT_EncodeCertChain;
        SAL_CERT_GetCert;
        SAL_CERT_GetCurrentCert;
        SAL_CERT_GetCurrentChainCerts;
        SAL_CERT_GetCurrentPrivateKey;
        SAL_CERT_GetDefaultSignHashAlgo;
        SAL_CERT_GetExtraChainCerts;
        SAL_CERT_GetMgrMethod;
        SAL_CERT_GetParseFormatStr;
        SAL_CERT_GetPrivateKey;
        SAL_CERT_GetSignMaxLen;
        SAL_CERT_HashDup;
        SAL_CERT_IsSignAlgorithmAllowed;
        SAL_CERT_KeyCtrl;
        SAL_CERT_KeyDecrypt;
        SAL_CERT_KeyDup;
        SAL_CERT_KeyEncrypt;
        SAL_CERT_KeyFree;
        SAL_CERT_KeyParse;
        SAL_CERT_MgrCtxDup;
        SAL_CERT_MgrCtxFree;
        SAL_CERT_MgrCtxNew;
        SAL_CERT_MgrCtxProviderNew;
        SAL_CERT_MgrIsEnable;
        SAL_CERT_PairClear;
        SAL_CERT_PairDup;
        SAL_CERT_PairFree;
        SAL_CERT_ParseCertChain;
        SAL_CERT_SetActiveCert;
        SAL_CERT_SetCertStore;
        SAL_CERT_SetChainStore;
        SAL_CERT_SetCurrentCert;
        SAL_CERT_SetCurrentPrivateKey;
        SAL_CERT_SetDefaultPasswordCb;
        SAL_CERT_SetDefaultPasswordCbUserdata;
        SAL_CERT_SetVerifyCb;
        SAL_CERT_SetVerifyStore;
        SAL_CERT_SrvrGmEncodeEncCert;
        SAL_CERT_StoreCtrl;
        SAL_CERT_StoreDup;
        SAL_CERT_StoreFree;
        SAL_CERT_StoreNew;
        SAL_CERT_VerifyCertChain;
        SAL_CERT_VerifyChain;
        SAL_CERT_VerifySign;
        SAL_CERT_X509Ctrl;
        SAL_CERT_X509Dup;
        SAL_CERT_X509Encode;
        SAL_CERT_X509Free;
        SAL_CERT_X509Parse;
        SAL_CERT_X509ParseBundleFile;
        SAL_CERT_X509Ref;
        SAL_CRYPT_CalcDhSharedSecret;
        SAL_CRYPT_CalcEcdhSharedSecret;
        SAL_CRYPT_CalcSm2dhSharedSecret;
        SAL_CRYPT_CipherFree;
        SAL_CRYPT_Decrypt;
        SAL_CRYPT_DigestCopy;
        SAL_CRYPT_DigestFinal;
        SAL_CRYPT_DigestFree;
        SAL_CRYPT_DigestInit;
        SAL_CRYPT_DigestUpdate;
        SAL_CRYPT_DupDhKey;
        SAL_CRYPT_EncodeDhPubKey;
        SAL_CRYPT_EncodeEcdhPubKey;
        SAL_CRYPT_Encrypt;
        SAL_CRYPT_FreeDhKey;
        SAL_CRYPT_FreeEcdhKey;
        SAL_CRYPT_GenEcdhKeyPair;
        SAL_CRYPT_GenerateDhKeyByParams;
        SAL_CRYPT_GenerateDhKeyBySecbits;
        SAL_CRYPT_GetDhParameters;
        SAL_CRYPT_Hmac;
        SAL_CRYPT_HmacFinal;
        SAL_CRYPT_HmacFree;
        SAL_CRYPT_HmacInit;
        SAL_CRYPT_HmacReInit;
        SAL_CRYPT_HmacSize;
        SAL_CRYPT_HmacUpdate;
        SAL_CRYPT_PRF;
        SAL_CRYPT_Rand;
        VERIFY_Append;
        VERIFY_CalcSessionHash;
        VERIFY_CalcSignData;
        VERIFY_CalcVerifyData;
        VERIFY_Deinit;
        VERIFY_FreeMsgCache;
        VERIFY_GetVerifyData;
        VERIFY_Init;
        VERIFY_SetHash;
        VERIFY_VerifySignData;
    local:
        *;
};
